Running Gradle task 'assembleDebug'...                          
flutter : 
lib/features/islamic/presentation/screens/adhan_settings_screen.dart:2112:8: 
Error: '_showMethodPickerSheet' is already declared in this scope.
At line:1 char:1
+ flutter build apk --debug > build_output.txt 2>&1; Get-Content build_ ...
+ ~~~~~~~~~~~~~~~~~~~~~~~~~~~~~~~~~~~~~~~~~~~~~~~~~
    + CategoryInfo          : NotSpecified: (lib/features/is... in this scope. 
   :String) [], RemoteException
    + FullyQualifiedErrorId : NativeCommandError
 
  void _showMethodPickerSheet(bool isAr) {
       ^^^^^^^^^^^^^^^^^^^^^^
lib/features/islamic/presentation/screens/adhan_settings_screen.dart:1907:8: 
Context: Previous declaration of '_showMethodPickerSheet'.
  void _showMethodPickerSheet(bool isAr) {
       ^^^^^^^^^^^^^^^^^^^^^^
lib/features/islamic/presentation/screens/adhan_settings_screen.dart:2022:21: 
Error: Expected ';' after this.
      )             ),
                    ^
lib/features/islamic/presentation/screens/adhan_settings_screen.dart:2022:22: 
Error: Expected an identifier, but got ','.
Try inserting an identifier before ','.
      )             ),
                     ^
lib/features/islamic/presentation/screens/adhan_settings_screen.dart:2022:22: 
Error: Unexpected token ';'.
      )             ),
                     ^
lib/features/islamic/presentation/screens/adhan_settings_screen.dart:2023:19: 
Error: Expected an identifier, but got ')'.
Try inserting an identifier before ')'.
                  ),
                  ^
lib/features/islamic/presentation/screens/adhan_settings_screen.dart:2022:22: 
Error: Expected ';' after this.
      )             ),
                     ^
lib/features/islamic/presentation/screens/adhan_settings_screen.dart:2023:19: 
Error: Unexpected token ';'.
                  ),
                  ^
lib/features/islamic/presentation/screens/adhan_settings_screen.dart:2023:20: 
Error: Expected an identifier, but got ','.
Try inserting an identifier before ','.
                  ),
                   ^
lib/features/islamic/presentation/screens/adhan_settings_screen.dart:2023:19: 
Error: Expected ';' after this.
                  ),
                  ^
lib/features/islamic/presentation/screens/adhan_settings_screen.dart:2023:20: 
Error: Unexpected token ';'.
                  ),
                   ^
lib/features/islamic/presentation/screens/adhan_settings_screen.dart:2028:19: 
Error: Expected ';' after this.
                  ),
                  ^
lib/features/islamic/presentation/screens/adhan_settings_screen.dart:2028:20: 
Error: Expected an identifier, but got ','.
Try inserting an identifier before ','.
                  ),
                   ^
lib/features/islamic/presentation/screens/adhan_settings_screen.dart:2028:20: 
Error: Unexpected token ';'.
                  ),
                   ^
lib/features/islamic/presentation/screens/adhan_settings_screen.dart:2029:17: 
Error: Expected an identifier, but got ']'.
Try inserting an identifier before ']'.
                ],
                ^
lib/features/islamic/presentation/screens/adhan_settings_screen.dart:2028:20: 
Error: Expected ';' after this.
                  ),
                   ^
lib/features/islamic/presentation/screens/adhan_settings_screen.dart:2029:17: 
Error: Unexpected token ';'.
                ],
                ^
lib/features/islamic/presentation/screens/adhan_settings_screen.dart:2029:18: 
Error: Expected an identifier, but got ','.
Try inserting an identifier before ','.
                ],
                 ^
lib/features/islamic/presentation/screens/adhan_settings_screen.dart:2029:17: 
Error: Expected ';' after this.
                ],
                ^
lib/features/islamic/presentation/screens/adhan_settings_screen.dart:2029:18: 
Error: Unexpected token ';'.
                ],
                 ^
lib/features/islamic/presentation/screens/adhan_settings_screen.dart:2030:15: 
Error: Expected an identifier, but got ')'.
Try inserting an identifier before ')'.
              ),
              ^
lib/features/islamic/presentation/screens/adhan_settings_screen.dart:2029:18: 
Error: Expected ';' after this.
                ],
                 ^
lib/features/islamic/presentation/screens/adhan_settings_screen.dart:2030:15: 
Error: Unexpected token ';'.
              ),
              ^
lib/features/islamic/presentation/screens/adhan_settings_screen.dart:2030:16: 
Error: Expected an identifier, but got ','.
Try inserting an identifier before ','.
              ),
               ^
lib/features/islamic/presentation/screens/adhan_settings_screen.dart:2030:15: 
Error: Expected ';' after this.
              ),
              ^
lib/features/islamic/presentation/screens/adhan_settings_screen.dart:2030:16: 
Error: Unexpected token ';'.
              ),
               ^
lib/features/islamic/presentation/screens/adhan_settings_screen.dart:2031:13: 
Error: Expected an identifier, but got ')'.
Try inserting an identifier before ')'.
            ),
            ^
lib/features/islamic/presentation/screens/adhan_settings_screen.dart:2030:16: 
Error: Expected ';' after this.
              ),
               ^
lib/features/islamic/presentation/screens/adhan_settings_screen.dart:2031:13: 
Error: Unexpected token ';'.
            ),
            ^
lib/features/islamic/presentation/screens/adhan_settings_screen.dart:2031:14: 
Error: Expected an identifier, but got ','.
Try inserting an identifier before ','.
            ),
             ^
lib/features/islamic/presentation/screens/adhan_settings_screen.dart:2031:13: 
Error: Expected ';' after this.
            ),
            ^
lib/features/islamic/presentation/screens/adhan_settings_screen.dart:2031:14: 
Error: Unexpected token ';'.
            ),
             ^
lib/features/islamic/presentation/screens/adhan_settings_screen.dart:2032:27: 
Error: Expected ';' after this.
            _buildDivider(),
                          ^
lib/features/islamic/presentation/screens/adhan_settings_screen.dart:2032:28: 
Error: Expected an identifier, but got ','.
Try inserting an identifier before ','.
            _buildDivider(),
                           ^
lib/features/islamic/presentation/screens/adhan_settings_screen.dart:2032:28: 
Error: Unexpected token ';'.
            _buildDivider(),
                           ^
lib/features/islamic/presentation/screens/adhan_settings_screen.dart:2083:13: 
Error: Expected ';' after this.
            ),
            ^
lib/features/islamic/presentation/screens/adhan_settings_screen.dart:2083:14: 
Error: Expected an identifier, but got ','.
Try inserting an identifier before ','.
            ),
             ^
lib/features/islamic/presentation/screens/adhan_settings_screen.dart:2083:14: 
Error: Unexpected token ';'.
            ),
             ^
lib/features/islamic/presentation/screens/adhan_settings_screen.dart:2084:11: 
Error: Expected an identifier, but got ']'.
Try inserting an identifier before ']'.
          ],
          ^
lib/features/islamic/presentation/screens/adhan_settings_screen.dart:2083:14: 
Error: Expected ';' after this.
            ),
             ^
lib/features/islamic/presentation/screens/adhan_settings_screen.dart:2084:11: 
Error: Unexpected token ';'.
          ],
          ^
lib/features/islamic/presentation/screens/adhan_settings_screen.dart:2084:12: 
Error: Expected an identifier, but got ','.
Try inserting an identifier before ','.
          ],
           ^
lib/features/islamic/presentation/screens/adhan_settings_screen.dart:2084:11: 
Error: Expected ';' after this.
          ],
          ^
lib/features/islamic/presentation/screens/adhan_settings_screen.dart:2084:12: 
Error: Unexpected token ';'.
          ],
           ^
lib/features/islamic/presentation/screens/adhan_settings_screen.dart:2085:9: 
Error: Expected an identifier, but got ')'.
Try inserting an identifier before ')'.
        ),
        ^
lib/features/islamic/presentation/screens/adhan_settings_screen.dart:2084:12: 
Error: Expected ';' after this.
          ],
           ^
lib/features/islamic/presentation/screens/adhan_settings_screen.dart:2085:9: 
Error: Unexpected token ';'.
        ),
        ^
lib/features/islamic/presentation/screens/adhan_settings_screen.dart:2085:10: 
Error: Expected an identifier, but got ','.
Try inserting an identifier before ','.
        ),
         ^
lib/features/islamic/presentation/screens/adhan_settings_screen.dart:2085:9: 
Error: Expected ';' after this.
        ),
        ^
lib/features/islamic/presentation/screens/adhan_settings_screen.dart:2085:10: 
Error: Unexpected token ';'.
        ),
         ^
lib/features/islamic/presentation/screens/adhan_settings_screen.dart:2086:34: 
Error: Expected ';' after this.
        const SizedBox(height: 16),
                                 ^
lib/features/islamic/presentation/screens/adhan_settings_screen.dart:2086:35: 
Error: Expected an identifier, but got ','.
Try inserting an identifier before ','.
        const SizedBox(height: 16),
                                  ^
lib/features/islamic/presentation/screens/adhan_settings_screen.dart:2086:35: 
Error: Unexpected token ';'.
        const SizedBox(height: 16),
                                  ^
lib/features/islamic/presentation/screens/adhan_settings_screen.dart:2095:9: 
Error: Expected ';' after this.
        ),
        ^
lib/features/islamic/presentation/screens/adhan_settings_screen.dart:2095:10: 
Error: Expected an identifier, but got ','.
Try inserting an identifier before ','.
        ),
         ^
lib/features/islamic/presentation/screens/adhan_settings_screen.dart:2095:10: 
Error: Unexpected token ';'.
        ),
         ^
lib/features/islamic/presentation/screens/adhan_settings_screen.dart:2096:34: 
Error: Expected ';' after this.
        const SizedBox(height: 16),
                                 ^
lib/features/islamic/presentation/screens/adhan_settings_screen.dart:2096:35: 
Error: Expected an identifier, but got ','.
Try inserting an identifier before ','.
        const SizedBox(height: 16),
                                  ^
lib/features/islamic/presentation/screens/adhan_settings_screen.dart:2096:35: 
Error: Unexpected token ';'.
        const SizedBox(height: 16),
                                  ^
lib/features/islamic/presentation/screens/adhan_settings_screen.dart:2105:9: 
Error: Expected ';' after this.
        ),
        ^
lib/features/islamic/presentation/screens/adhan_settings_screen.dart:2105:10: 
Error: Expected an identifier, but got ','.
Try inserting an identifier before ','.
        ),
         ^
lib/features/islamic/presentation/screens/adhan_settings_screen.dart:2105:10: 
Error: Unexpected token ';'.
        ),
         ^
lib/features/islamic/presentation/screens/adhan_settings_screen.dart:2106:7: 
Error: Expected an identifier, but got ']'.
Try inserting an identifier before ']'.
      ],
      ^
lib/features/islamic/presentation/screens/adhan_settings_screen.dart:2105:10: 
Error: Expected ';' after this.
        ),
         ^
lib/features/islamic/presentation/screens/adhan_settings_screen.dart:2106:7: 
Error: Unexpected token ';'.
      ],
      ^
lib/features/islamic/presentation/screens/adhan_settings_screen.dart:2106:8: 
Error: Expected an identifier, but got ','.
Try inserting an identifier before ','.
      ],
       ^
lib/features/islamic/presentation/screens/adhan_settings_screen.dart:2106:7: 
Error: Expected ';' after this.
      ],
      ^
lib/features/islamic/presentation/screens/adhan_settings_screen.dart:2106:8: 
Error: Unexpected token ';'.
      ],
       ^
lib/features/islamic/presentation/screens/adhan_settings_screen.dart:2107:5: 
Error: Expected an identifier, but got ')'.
Try inserting an identifier before ')'.
    );
    ^
lib/features/islamic/presentation/screens/adhan_settings_screen.dart:2106:8: 
Error: Expected ';' after this.
      ],
       ^
lib/features/islamic/presentation/screens/adhan_settings_screen.dart:2107:5: 
Error: Unexpected token ';'.
    );
    ^
lib/features/islamic/presentation/screens/adhan_settings_screen.dart:2054:29: 
Error: The getter 'methodName' isn't defined for the type 
'_AdhanSettingsScreenState'.
 - '_AdhanSettingsScreenState' is from 'package:noor_al_imaan/features/islamic/
presentation/screens/adhan_settings_screen.dart' 
('lib/features/islamic/presentation/screens/adhan_settings_screen.dart').
Try correcting the name to the name of an existing getter, or defining a 
getter or field named 'methodName'.
                            methodName,
                            ^^^^^^^^^^
Target kernel_snapshot_program failed: Exception


FAILURE: Build failed with an exception.

* What went wrong:
Execution failed for task ':app:compileFlutterBuildDebug'.
> Process 'command 'E:\flutter\bin\flutter.bat'' finished with non-zero exit 
value 1

* Try:
> Run with --stacktrace option to get the stack trace.
> Run with --info or --debug option to get more log output.
> Run with --scan to get full insights.
> Get more help at https://help.gradle.org.

BUILD FAILED in 8s
Running Gradle task 'assembleDebug'...                              8.9s
Gradle task assembleDebug failed with exit code 1
